// Jest Snapshot v1, https://goo.gl/fbAQLP

exports[`<App /> renders successfully 1`] = `
<div
  class="App"
>
  <div
    class="word-wrapper"
  >
    Define
    <br />
    <br />
    <br />
    <br />
    <textarea
      placeholder="Enter word definition..."
    />
    <br />
    <br />
    <button>
      Submit guess
    </button>
  </div>
</div>
`;
